21:49:12 **** Incremental Build of configuration Debug for project ADC_INTERRUPT ****
make -j8 all 
arm-none-eabi-gcc "../Core/Src/main.c" -mcpu=cortex-m4 -std=gnu11 -g3 -DDEBUG -DUSE_HAL_DRIVER -DSTM32F407xx -c -I../Core/Inc -I../Drivers/STM32F4xx_HAL_Driver/Inc -I../Drivers/STM32F4xx_HAL_Driver/Inc/Legacy -I../Drivers/CMSIS/Device/ST/STM32F4xx/Include -I../Drivers/CMSIS/Include -O0 -ffunction-sections -fdata-sections -Wall -fstack-usage -fcyclomatic-complexity -MMD -MP -MF"Core/Src/main.d" -MT"Core/Src/main.o" --specs=nano.specs -mfpu=fpv4-sp-d16 -mfloat-abi=hard -mthumb -o "Core/Src/main.o"
arm-none-eabi-gcc -o "ADC_INTERRUPT.elf" @"objects.list"   -mcpu=cortex-m4 -T"D:\Internship\ADC_INTERRUPT\STM32F407VGTX_FLASH.ld" --specs=nosys.specs -Wl,-Map="ADC_INTERRUPT.map" -Wl,--gc-sections -static --specs=nano.specs -mfpu=fpv4-sp-d16 -mfloat-abi=hard -mthumb -u _printf_float -u _scanf_float -Wl,--start-group -lc -lm -Wl,--end-group
Finished building target: ADC_INTERRUPT.elf
 
arm-none-eabi-size   ADC_INTERRUPT.elf 
arm-none-eabi-objdump -h -S  ADC_INTERRUPT.elf  > "ADC_INTERRUPT.list"
   text	   data	    bss	    dec	    hex	filename
  31408	    476	   1988	  33872	   8450	ADC_INTERRUPT.elf
Finished building: default.size.stdout
 
Finished building: ADC_INTERRUPT.list
 

21:49:14 Build Finished. 0 errors, 0 warnings. (took 1s.453ms)

