12:27:05 **** Incremental Build of configuration Debug for project sine_wave ****
make -j8 all 
arm-none-eabi-gcc "../Core/Src/main.c" -mcpu=cortex-m4 -std=gnu11 -g3 -DDEBUG -DUSE_HAL_DRIVER -DSTM32F407xx -c -I../Core/Inc -I../Drivers/STM32F4xx_HAL_Driver/Inc -I../Drivers/STM32F4xx_HAL_Driver/Inc/Legacy -I../Drivers/CMSIS/Device/ST/STM32F4xx/Include -I../Drivers/CMSIS/Include -O0 -ffunction-sections -fdata-sections -Wall -fstack-usage -fcyclomatic-complexity -MMD -MP -MF"Core/Src/main.d" -MT"Core/Src/main.o" --specs=nano.specs -mfpu=fpv4-sp-d16 -mfloat-abi=hard -mthumb -o "Core/Src/main.o"
arm-none-eabi-gcc -o "sine_wave.elf" @"objects.list"   -mcpu=cortex-m4 -T"D:\Internship\sine_wave\STM32F407VGTX_FLASH.ld" --specs=nosys.specs -Wl,-Map="sine_wave.map" -Wl,--gc-sections -static --specs=nano.specs -mfpu=fpv4-sp-d16 -mfloat-abi=hard -mthumb -u _printf_float -u _scanf_float -Wl,--start-group -lc -lm -Wl,--end-group
Finished building target: sine_wave.elf
 
arm-none-eabi-size   sine_wave.elf 
arm-none-eabi-objdump -h -S  sine_wave.elf  > "sine_wave.list"
   text	   data	    bss	    dec	    hex	filename
  39696	    476	   4500	  44672	   ae80	sine_wave.elf
Finished building: default.size.stdout
 
Finished building: sine_wave.list
 
16:17:38 **** Incremental Build of configuration Debug for project sine_wave ****
make -j8 all 
arm-none-eabi-gcc "../Core/Src/main.c" -mcpu=cortex-m4 -std=gnu11 -g3 -DDEBUG -DUSE_HAL_DRIVER -DSTM32F407xx -c -I../Core/Inc -I../Drivers/STM32F4xx_HAL_Driver/Inc -I../Drivers/STM32F4xx_HAL_Driver/Inc/Legacy -I../Drivers/CMSIS/Device/ST/STM32F4xx/Include -I../Drivers/CMSIS/Include -O0 -ffunction-sections -fdata-sections -Wall -fstack-usage -fcyclomatic-complexity -MMD -MP -MF"Core/Src/main.d" -MT"Core/Src/main.o" --specs=nano.specs -mfpu=fpv4-sp-d16 -mfloat-abi=hard -mthumb -o "Core/Src/main.o"
arm-none-eabi-gcc -o "sine_wave.elf" @"objects.list"   -mcpu=cortex-m4 -T"D:\Internship\sine_wave\STM32F407VGTX_FLASH.ld" --specs=nosys.specs -Wl,-Map="sine_wave.map" -Wl,--gc-sections -static --specs=nano.specs -mfpu=fpv4-sp-d16 -mfloat-abi=hard -mthumb -u _printf_float -u _scanf_float -Wl,--start-group -lc -lm -Wl,--end-group
Finished building target: sine_wave.elf
 
arm-none-eabi-size   sine_wave.elf 
arm-none-eabi-objdump -h -S  sine_wave.elf  > "sine_wave.list"
   text	   data	    bss	    dec	    hex	filename
  39680	    476	   4500	  44656	   ae70	sine_wave.elf
Finished building: default.size.stdout
 
Finished building: sine_wave.list
 
