18:36:27 **** Incremental Build of configuration Debug for project TIM_3_INTERRUPT ****
make -j8 all 
arm-none-eabi-gcc "../Core/Src/stm32f4xx_it.c" -mcpu=cortex-m4 -std=gnu11 -g3 -DDEBUG -DUSE_HAL_DRIVER -DSTM32F407xx -c -I../USB_HOST/App -I../USB_HOST/Target -I../Core/Inc -I../Drivers/STM32F4xx_HAL_Driver/Inc -I../Drivers/STM32F4xx_HAL_Driver/Inc/Legacy -I../Middlewares/ST/STM32_USB_Host_Library/Core/Inc -I../Middlewares/ST/STM32_USB_Host_Library/Class/CDC/Inc -I../Drivers/CMSIS/Device/ST/STM32F4xx/Include -I../Drivers/CMSIS/Include -O0 -ffunction-sections -fdata-sections -Wall -fstack-usage -fcyclomatic-complexity -MMD -MP -MF"Core/Src/stm32f4xx_it.d" -MT"Core/Src/stm32f4xx_it.o" --specs=nano.specs -mfpu=fpv4-sp-d16 -mfloat-abi=hard -mthumb -o "Core/Src/stm32f4xx_it.o"
arm-none-eabi-gcc -o "TIM_3_INTERRUPT.elf" @"objects.list"   -mcpu=cortex-m4 -T"D:\Internship\TIM_3_INTERRUPT\STM32F407VGTX_FLASH.ld" --specs=nosys.specs -Wl,-Map="TIM_3_INTERRUPT.map" -Wl,--gc-sections -static --specs=nano.specs -mfpu=fpv4-sp-d16 -mfloat-abi=hard -mthumb -Wl,--start-group -lc -lm -Wl,--end-group
Finished building target: TIM_3_INTERRUPT.elf
 
arm-none-eabi-size   TIM_3_INTERRUPT.elf 
arm-none-eabi-objdump -h -S  TIM_3_INTERRUPT.elf  > "TIM_3_INTERRUPT.list"
   text	   data	    bss	    dec	    hex	filename
  33756	    132	   3980	  37868	   93ec	TIM_3_INTERRUPT.elf
Finished building: default.size.stdout
 
Finished building: TIM_3_INTERRUPT.list
 

18:36:30 Build Finished. 0 errors, 0 warnings. (took 2s.646ms)

